\BOOKMARK [1][-]{section.1}{\376\377\000P\000r\000o\000b\000l\000e\000m\000\040\0001}{}% 1
\BOOKMARK [2][-]{subsection.1.1}{\376\377\000P\000a\000r\000t\000\040\000\050\000a\000i\000\051}{section.1}% 2
\BOOKMARK [2][-]{subsection.1.2}{\376\377\000P\000a\000r\000t\000\040\000\050\000a\000i\000i\000\051}{section.1}% 3
\BOOKMARK [2][-]{subsection.1.3}{\376\377\000P\000a\000r\000t\000\040\000\050\000a\000i\000i\000i\000\051}{section.1}% 4
\BOOKMARK [2][-]{subsection.1.4}{\376\377\000P\000a\000r\000t\000\040\000\050\000b\000\051}{section.1}% 5
\BOOKMARK [1][-]{section.2}{\376\377\000P\000r\000o\000b\000l\000e\000m\000\040\0002}{}% 6
\BOOKMARK [2][-]{subsection.2.1}{\376\377\000P\000a\000r\000t\000\040\000\050\000a\000\051}{section.2}% 7
\BOOKMARK [2][-]{subsection.2.2}{\376\377\000P\000a\000r\000t\000\040\000\050\000b\000\051}{section.2}% 8
\BOOKMARK [2][-]{subsection.2.3}{\376\377\000P\000a\000r\000t\000\040\000\050\000c\000\051}{section.2}% 9
\BOOKMARK [2][-]{subsection.2.4}{\376\377\000P\000a\000r\000t\000\040\000\050\000d\000\051}{section.2}% 10
\BOOKMARK [1][-]{section.3}{\376\377\000P\000r\000o\000b\000l\000e\000m\000\040\0003}{}% 11
\BOOKMARK [1][-]{section.4}{\376\377\000P\000r\000o\000b\000l\000e\000m\000\040\0004}{}% 12
\BOOKMARK [2][-]{subsection.4.1}{\376\377\000P\000a\000r\000t\000\040\000\050\000a\000\051}{section.4}% 13
\BOOKMARK [2][-]{subsection.4.2}{\376\377\000P\000a\000r\000t\000\040\000\050\000b\000\051}{section.4}% 14
\BOOKMARK [2][-]{subsection.4.3}{\376\377\000P\000a\000r\000t\000\040\000\050\000c\000\051}{section.4}% 15
\BOOKMARK [2][-]{subsection.4.4}{\376\377\000P\000a\000r\000t\000\040\000\050\000d\000\051}{section.4}% 16
\BOOKMARK [1][-]{section.5}{\376\377\000P\000r\000o\000b\000l\000e\000m\000\040\0005}{}% 17
\BOOKMARK [2][-]{subsection.5.1}{\376\377\000P\000a\000r\000t\000s\000\040\000\050\000a\000\051\040\023\000\050\000c\000\051\000:\000\040\000M\000A\000T\000L\000A\000B\000\040\000o\000u\000t\000p\000u\000t\000s}{section.5}% 18
\BOOKMARK [2][-]{subsection.5.2}{\376\377\000P\000a\000r\000t\000\040\000\050\000d\000\051\000\040\000T\000e\000s\000t\000i\000n\000g}{section.5}% 19
\BOOKMARK [1][-]{section.6}{\376\377\000A\000p\000p\000e\000n\000d\000i\000x\000:\000\040\000P\000r\000o\000b\000l\000e\000m\000\040\0005\000\040\000\050\000M\000A\000T\000L\000A\000B\000\040\000c\000o\000d\000e\000\040\000a\000n\000d\000\040\000o\000u\000t\000p\000u\000t\000\051}{}% 20
